[INFO] Scanning for projects...
[INFO] 
[INFO] ---------------< com.naidugudivada:ecommerce-extension >----------------
[INFO] Building ecommerce-extension 0.0.1-SNAPSHOT
[INFO]   from pom.xml
[INFO] --------------------------------[ jar ]---------------------------------
[INFO] 
[INFO] --- clean:3.4.1:clean (default-clean) @ ecommerce-extension ---
[INFO] Deleting C:\Users\naidu\Downloads\ecommerce-api-spring-kafka-main\ecommerce-api-spring-kafka-main\target
[INFO] 
[INFO] --- resources:3.3.1:resources (default-resources) @ ecommerce-extension ---
[INFO] Copying 1 resource from src\main\resources to target\classes
[INFO] Copying 9 resources from src\main\resources to target\classes
[INFO] 
[INFO] --- compiler:3.14.0:compile (default-compile) @ ecommerce-extension ---
[INFO] Recompiling the module because of changed source code.
[INFO] Compiling 100 source files with javac [debug parameters release 17] to target\classes
[INFO] -------------------------------------------------------------
[WARNING] COMPILATION WARNING : 
[INFO] -------------------------------------------------------------
[WARNING] /C:/Users/naidu/Downloads/ecommerce-api-spring-kafka-main/ecommerce-api-spring-kafka-main/src/main/java/com/naidugudivada/ecommerce/domain/order/OrderEntity.java:[40,35] @SuperBuilder will ignore the initializing expression entirely. If you want the initializing expression to serve as default, add @Builder.Default. If it is not supposed to be settable during building, make the field final.
[WARNING] /C:/Users/naidu/Downloads/ecommerce-api-spring-kafka-main/ecommerce-api-spring-kafka-main/src/main/java/com/naidugudivada/ecommerce/domain/customer/CustomerMapper.java:[19,20] Unmapped target properties: "createdAt, updatedAt, role".
[WARNING] /C:/Users/naidu/Downloads/ecommerce-api-spring-kafka-main/ecommerce-api-spring-kafka-main/src/main/java/com/naidugudivada/ecommerce/domain/customer/CustomerMapper.java:[34,10] Unmapped target properties: "id, createdAt, updatedAt, address, password, role".
[WARNING] /C:/Users/naidu/Downloads/ecommerce-api-spring-kafka-main/ecommerce-api-spring-kafka-main/src/main/java/com/naidugudivada/ecommerce/domain/address/AddressMapper.java:[14,19] Unmapped target properties: "createdAt, updatedAt".
[WARNING] /C:/Users/naidu/Downloads/ecommerce-api-spring-kafka-main/ecommerce-api-spring-kafka-main/src/main/java/com/naidugudivada/ecommerce/domain/product/ProductMapper.java:[15,19] Unmapped target properties: "createdAt, updatedAt".
[WARNING] /C:/Users/naidu/Downloads/ecommerce-api-spring-kafka-main/ecommerce-api-spring-kafka-main/src/main/java/com/naidugudivada/ecommerce/domain/product/ProductMapper.java:[20,10] Unmapped target properties: "createdAt, updatedAt".
[WARNING] /C:/Users/naidu/Downloads/ecommerce-api-spring-kafka-main/ecommerce-api-spring-kafka-main/src/main/java/com/naidugudivada/ecommerce/domain/shoppingcart/ShoppingCartMapper.java:[15,24] Unmapped target properties: "createdAt, updatedAt, customer, items, totalPrice".
[INFO] 7 warnings 
[INFO] -------------------------------------------------------------
[INFO] -------------------------------------------------------------
[ERROR] COMPILATION ERROR : 
[INFO] -------------------------------------------------------------
[ERROR] /C:/Users/naidu/Downloads/ecommerce-api-spring-kafka-main/ecommerce-api-spring-kafka-main/src/main/java/com/naidugudivada/ecommerce/domain/payment/PaymentService.java:[29,30] incompatible types: org.springframework.kafka.core.KafkaTemplate<java.lang.String,java.lang.String> cannot be converted to org.springframework.kafka.core.KafkaTemplate<java.lang.String,java.lang.Object>
[INFO] 1 error
[INFO] -------------------------------------------------------------
[INFO] ------------------------------------------------------------------------
[INFO] BUILD FAILURE
[INFO] ------------------------------------------------------------------------
[INFO] Total time:  36.618 s
[INFO] Finished at: 2026-02-13T11:17:31-06:00
[INFO] ------------------------------------------------------------------------
[ERROR] Failed to execute goal org.apache.maven.plugins:maven-compiler-plugin:3.14.0:compile (default-compile) on project ecommerce-extension: Compilation failure
[ERROR] /C:/Users/naidu/Downloads/ecommerce-api-spring-kafka-main/ecommerce-api-spring-kafka-main/src/main/java/com/naidugudivada/ecommerce/domain/payment/PaymentService.java:[29,30] incompatible types: org.springframework.kafka.core.KafkaTemplate<java.lang.String,java.lang.String> cannot be converted to org.springframework.kafka.core.KafkaTemplate<java.lang.String,java.lang.Object>
[ERROR] 
[ERROR] -> [Help 1]
[ERROR] 
[ERROR] To see the full stack trace of the errors, re-run Maven with the -e switch.
[ERROR] Re-run Maven using the -X switch to enable full debug logging.
[ERROR] 
[ERROR] For more information about the errors and possible solutions, please read the following articles:
[ERROR] [Help 1] http://cwiki.apache.org/confluence/display/MAVEN/MojoFailureException
